7
true
\'"
 \
("\\'\"\n\r\t\0", 1)
['\\', '\'', '"', '\n', '\r', '\t', '\0']
[92, 39, 34, 10, 13, 9, 0]
