false
true
1
2
3
[1, 2, 3]
4
5
[5]
true
1
2
[1, 2, 3]
3
4
5
[4, 5]
