{(-100, 100): 0.01, (-80, 80): 0.0125, (-60, 60): 0.0166667, (-40, 40): 0.025, (-20, 20): 0.05}
